Nix <nix version>
Type :? for help.
Added <number omitted> variables.

Function unambiguous
    â€¦ defined at
    /path/to/tests/functional/repl/doc-comments.nix:23:5

    Very close


